test placeholder file that ensures the correct reporting directory is copied over